199.59.150.183 - - [14/Sep/2020:21:38:41 +0000] "GET /cv HTTP/1.1" 301 5 "-" "Twitterbot/1.0"
199.59.150.183 - - [14/Sep/2020:21:38:41 +0000] "GET /cv/ HTTP/1.1" 200 126162 "-" "Twitterbot/1.0"
199.59.150.180 - - [14/Sep/2020:21:40:30 +0000] "GET /cv/ HTTP/1.1" 200 126162 "-" "Twitterbot/1.0"
34.83.1.149 - - [14/Sep/2020:21:40:32 +0000] "HEAD /cv/ HTTP/1.1" 200 0 "-" "-"
34.83.1.149 - - [14/Sep/2020:21:40:32 +0000] "HEAD /cv/ HTTP/1.1" 200 0 "-" "Mozilla/5.0 (Macintosh; Intel Mac OS X 10_14_5) AppleWebKit/537.36 (KHTML, like Gecko) Chrome/78.0.3904.108 Safari/537.36"
34.83.1.149 - - [14/Sep/2020:21:40:32 +0000] "HEAD /cv/ HTTP/1.1" 200 0 "-" "Mozilla/5.0 (iPhone; CPU iPhone OS 12_2 like Mac OS X) AppleWebKit/605.1.15 (KHTML, like Gecko) Version/12.1 Mobile/15E148 Safari/604.1"
34.83.1.149 - - [14/Sep/2020:21:40:32 +0000] "HEAD /cv HTTP/1.1" 301 0 "-" "Mozilla/5.0 (Macintosh; Intel Mac OS X 10_14_5) AppleWebKit/537.36 (KHTML, like Gecko) Chrome/78.0.3904.108 Safari/537.36"
34.83.1.149 - - [14/Sep/2020:21:40:32 +0000] "HEAD /cv HTTP/1.1" 301 0 "-" "Mozilla/5.0 (iPhone; CPU iPhone OS 12_2 like Mac OS X) AppleWebKit/605.1.15 (KHTML, like Gecko) Version/12.1 Mobile/15E148 Safari/604.1"
34.83.1.149 - - [14/Sep/2020:21:40:32 +0000] "HEAD /cv HTTP/1.1" 301 0 "-" "-"
34.83.1.149 - - [14/Sep/2020:21:40:32 +0000] "HEAD /cv/ HTTP/1.1" 200 0 "http://ericwryan.com/cv" "Mozilla/5.0 (Macintosh; Intel Mac OS X 10_14_5) AppleWebKit/537.36 (KHTML, like Gecko) Chrome/78.0.3904.108 Safari/537.36"
34.83.1.149 - - [14/Sep/2020:21:40:32 +0000] "HEAD /cv/ HTTP/1.1" 200 0 "http://ericwryan.com/cv" "Mozilla/5.0 (iPhone; CPU iPhone OS 12_2 like Mac OS X) AppleWebKit/605.1.15 (KHTML, like Gecko) Version/12.1 Mobile/15E148 Safari/604.1"
34.83.1.149 - - [14/Sep/2020:21:40:32 +0000] "HEAD /cv/ HTTP/1.1" 200 0 "http://ericwryan.com/cv" "-"
67.162.133.224 - - [14/Sep/2020:21:41:48 +0000] "GET /cv HTTP/2.0" 301 0 "https://t.co/9PRJ1lP57Z?amp=1" "Mozilla/5.0 (Macintosh; Intel Mac OS X 10_15_6) AppleWebKit/537.36 (KHTML, like Gecko) Chrome/85.0.4183.102 Safari/537.36"
67.162.133.224 - - [14/Sep/2020:21:41:48 +0000] "GET /cv/ HTTP/2.0" 200 126162 "https://t.co/9PRJ1lP57Z?amp=1" "Mozilla/5.0 (Macintosh; Intel Mac OS X 10_15_6) AppleWebKit/537.36 (KHTML, like Gecko) Chrome/85.0.4183.102 Safari/537.36"
67.162.133.224 - - [14/Sep/2020:21:41:49 +0000] "GET /favicon.ico HTTP/2.0" 200 1131 "https://ericwryan.com/cv/" "Mozilla/5.0 (Macintosh; Intel Mac OS X 10_15_6) AppleWebKit/537.36 (KHTML, like Gecko) Chrome/85.0.4183.102 Safari/537.36"
71.234.134.249 - - [14/Sep/2020:22:00:56 +0000] "GET /cv HTTP/1.1" 301 5 "https://t.co/9PRJ1lP57Z?amp=1" "Mozilla/5.0 (Macintosh; Intel Mac OS X 10_13_6) AppleWebKit/537.36 (KHTML, like Gecko) Chrome/85.0.4183.102 Safari/537.36"
71.234.134.249 - - [14/Sep/2020:22:00:56 +0000] "GET /cv/ HTTP/1.1" 200 126162 "https://t.co/9PRJ1lP57Z?amp=1" "Mozilla/5.0 (Macintosh; Intel Mac OS X 10_13_6) AppleWebKit/537.36 (KHTML, like Gecko) Chrome/85.0.4183.102 Safari/537.36"
71.234.134.249 - - [14/Sep/2020:22:00:56 +0000] "GET /favicon.ico HTTP/1.1" 200 1143 "http://ericwryan.com/cv/" "Mozilla/5.0 (Macintosh; Intel Mac OS X 10_13_6) AppleWebKit/537.36 (KHTML, like Gecko) Chrome/85.0.4183.102 Safari/537.36"
157.131.244.118 - - [04/Sep/2020:20:11:30 +0000] "GET /cv HTTP/1.1" 301 5 "-" "Mozilla/5.0 (Macintosh; Intel Mac OS X 10_15_6) AppleWebKit/537.36 (KHTML, like Gecko) Chrome/84.0.4147.135 Safari/537.36"
157.131.244.118 - - [04/Sep/2020:20:11:30 +0000] "GET /cv/ HTTP/1.1" 200 126162 "-" "Mozilla/5.0 (Macintosh; Intel Mac OS X 10_15_6) AppleWebKit/537.36 (KHTML, like Gecko) Chrome/84.0.4147.135 Safari/537.36"
157.131.244.118 - - [04/Sep/2020:20:11:31 +0000] "GET /favicon.ico HTTP/1.1" 200 1143 "http://ericwryan.com/cv/" "Mozilla/5.0 (Macintosh; Intel Mac OS X 10_15_6) AppleWebKit/537.36 (KHTML, like Gecko) Chrome/84.0.4147.135 Safari/537.36"
73.162.79.35 - - [03/Sep/2020:16:42:02 +0000] "GET /cv/ HTTP/1.1" 200 126162 "-" "Mozilla/5.0 (Macintosh; Intel Mac OS X 10_15_6) AppleWebKit/537.36 (KHTML, like Gecko) Chrome/85.0.4183.83 Safari/537.36"
67.162.133.224 - - [02/Sep/2020:19:43:13 +0000] "GET /cv HTTP/2.0" 301 0 "-" "Mozilla/5.0 (Macintosh; Intel Mac OS X 10_15_6) AppleWebKit/537.36 (KHTML, like Gecko) Chrome/84.0.4147.105 Safari/537.36"
67.162.133.224 - - [02/Sep/2020:19:43:13 +0000] "GET /cv/ HTTP/2.0" 200 126162 "-" "Mozilla/5.0 (Macintosh; Intel Mac OS X 10_15_6) AppleWebKit/537.36 (KHTML, like Gecko) Chrome/84.0.4147.105 Safari/537.36"
67.162.133.224 - - [02/Sep/2020:19:43:14 +0000] "GET /favicon.ico HTTP/2.0" 200 1131 "https://ericwryan.com/cv/" "Mozilla/5.0 (Macintosh; Intel Mac OS X 10_15_6) AppleWebKit/537.36 (KHTML, like Gecko) Chrome/84.0.4147.105 Safari/537.36"
67.169.125.247 - - [02/Sep/2020:20:07:34 +0000] "GET /cv HTTP/1.1" 301 5 "-" "Mozilla/5.0 (Macintosh; Intel Mac OS X 10_15_6) AppleWebKit/537.36 (KHTML, like Gecko) Chrome/84.0.4147.135 Safari/537.36"
67.169.125.247 - - [02/Sep/2020:20:07:34 +0000] "GET /cv/ HTTP/1.1" 200 126162 "-" "Mozilla/5.0 (Macintosh; Intel Mac OS X 10_15_6) AppleWebKit/537.36 (KHTML, like Gecko) Chrome/84.0.4147.135 Safari/537.36"
67.169.125.247 - - [02/Sep/2020:20:07:34 +0000] "GET /favicon.ico HTTP/1.1" 200 1143 "http://ericwryan.com/cv/" "Mozilla/5.0 (Macintosh; Intel Mac OS X 10_15_6) AppleWebKit/537.36 (KHTML, like Gecko) Chrome/84.0.4147.135 Safari/537.36"
66.102.8.230 - - [02/Sep/2020:20:07:35 +0000] "GET /cv HTTP/1.1" 301 5 "-" "Mozilla/5.0 (Windows NT 10.0; Win64; x64) AppleWebKit/537.36 (KHTML, like Gecko) Chrome/84.0.4147.89 Safari/537.36"
66.102.8.230 - - [02/Sep/2020:20:07:35 +0000] "GET /cv/ HTTP/1.1" 200 126162 "-" "Mozilla/5.0 (Windows NT 10.0; Win64; x64) AppleWebKit/537.36 (KHTML, like Gecko) Chrome/84.0.4147.89 Safari/537.36"
66.102.8.232 - - [02/Sep/2020:20:51:21 +0000] "GET /cv HTTP/1.1" 301 5 "-" "Mozilla/5.0 (Windows NT 6.1; Win64; x64) AppleWebKit/537.36 (KHTML, like Gecko) Chrome/84.0.4147.105 Safari/537.36"
66.102.8.230 - - [02/Sep/2020:20:51:21 +0000] "GET /cv/ HTTP/1.1" 200 126162 "-" "Mozilla/5.0 (Windows NT 6.1; Win64; x64) AppleWebKit/537.36 (KHTML, like Gecko) Chrome/84.0.4147.105 Safari/537.36"
157.131.244.118 - - [02/Sep/2020:21:17:59 +0000] "GET /cv HTTP/1.1" 301 5 "-" "Mozilla/5.0 (Macintosh; Intel Mac OS X 10_15_3) AppleWebKit/537.36 (KHTML, like Gecko) Chrome/84.0.4147.125 Safari/537.36"
157.131.244.118 - - [02/Sep/2020:21:17:59 +0000] "GET /cv/ HTTP/1.1" 200 126162 "-" "Mozilla/5.0 (Macintosh; Intel Mac OS X 10_15_3) AppleWebKit/537.36 (KHTML, like Gecko) Chrome/84.0.4147.125 Safari/537.36"
157.131.244.118 - - [02/Sep/2020:21:18:00 +0000] "GET /favicon.ico HTTP/1.1" 200 1143 "http://ericwryan.com/cv/" "Mozilla/5.0 (Macintosh; Intel Mac OS X 10_15_3) AppleWebKit/537.36 (KHTML, like Gecko) Chrome/84.0.4147.125 Safari/537.36"
66.102.8.234 - - [03/Sep/2020:00:07:39 +0000] "GET /cv HTTP/1.1" 301 5 "-" "Mozilla/5.0 (Windows NT 6.1; WOW64) AppleWebKit/537.36 (KHTML, like Gecko) Chrome/29.0.1547.66 Safari/537.36"
66.102.8.234 - - [03/Sep/2020:00:07:39 +0000] "GET /cv/ HTTP/1.1" 200 126162 "-" "Mozilla/5.0 (Windows NT 6.1; WOW64) AppleWebKit/537.36 (KHTML, like Gecko) Chrome/29.0.1547.66 Safari/537.36"
73.162.79.35 - - [03/Sep/2020:01:39:03 +0000] "GET /cv HTTP/1.1" 301 5 "-" "Mozilla/5.0 (Macintosh; Intel Mac OS X 10_15_6) AppleWebKit/537.36 (KHTML, like Gecko) Chrome/85.0.4183.83 Safari/537.36"
73.162.79.35 - - [03/Sep/2020:01:39:03 +0000] "GET /cv/ HTTP/1.1" 200 126162 "-" "Mozilla/5.0 (Macintosh; Intel Mac OS X 10_15_6) AppleWebKit/537.36 (KHTML, like Gecko) Chrome/85.0.4183.83 Safari/537.36"
73.162.79.35 - - [03/Sep/2020:01:39:04 +0000] "GET /favicon.ico HTTP/1.1" 200 1143 "http://ericwryan.com/cv/" "Mozilla/5.0 (Macintosh; Intel Mac OS X 10_15_6) AppleWebKit/537.36 (KHTML, like Gecko) Chrome/85.0.4183.83 Safari/537.36"
44.227.101.58 - - [11/Sep/2020:10:22:59 +0000] "GET /cv/ HTTP/2.0" 200 126162 "-" "Mozilla/5.0 (X11; Linux x86_64) AppleWebKit/537.36 (KHTML, like Gecko) HeadlessChrome/85.0.4183.83 Safari/537.36"
40.94.28.35 - - [10/Sep/2020:16:00:25 +0000] "GET /cv/ HTTP/2.0" 200 126162 "-" "Mozilla/5.0 (Windows NT 10.0; Win64; x64) AppleWebKit/537.36 (KHTML, like Gecko) Chrome/79.0.3945.130 Safari/537.36"
40.94.28.61 - - [10/Sep/2020:16:00:39 +0000] "GET /cv/ HTTP/2.0" 200 126162 "-" "Mozilla/5.0 (Windows NT 10.0; Win64; x64) AppleWebKit/537.36 (KHTML, like Gecko) Chrome/70.0.3538.102 Safari/537.36"
63.88.73.136 - - [10/Sep/2020:16:03:16 +0000] "GET /cv/ HTTP/1.1" 200 126162 "-" "Mozilla/5.0 (Windows NT 10.0; Win64; x64) AppleWebKit/537.36 (KHTML, like Gecko) Chrome/79.0.3945.130 Safari/537.36"
96.240.138.115 - - [10/Sep/2020:18:54:07 +0000] "GET /cv/ HTTP/2.0" 200 126162 "-" "Mozilla/5.0 (iPhone; CPU iPhone OS 13_6_1 like Mac OS X) AppleWebKit/605.1.15 (KHTML, like Gecko) Version/13.1.2 Mobile/15E148 Safari/604.1"
96.240.138.115 - - [10/Sep/2020:18:54:07 +0000] "GET /favicon.ico HTTP/2.0" 200 1131 "https://ericwryan.com/cv/" "Mozilla/5.0 (iPhone; CPU iPhone OS 13_6_1 like Mac OS X) AppleWebKit/605.1.15 (KHTML, like Gecko) Version/13.1.2 Mobile/15E148 Safari/604.1"
67.162.133.224 - - [08/Sep/2020:22:10:16 +0000] "GET /cv HTTP/2.0" 301 0 "-" "Mozilla/5.0 (Macintosh; Intel Mac OS X 10_15_6) AppleWebKit/537.36 (KHTML, like Gecko) Chrome/84.0.4147.105 Safari/537.36"
67.162.133.224 - - [08/Sep/2020:22:10:16 +0000] "GET /cv/ HTTP/2.0" 200 126162 "-" "Mozilla/5.0 (Macintosh; Intel Mac OS X 10_15_6) AppleWebKit/537.36 (KHTML, like Gecko) Chrome/84.0.4147.105 Safari/537.36"
76.103.168.32 - - [08/Sep/2020:23:13:57 +0000] "GET /cv/ HTTP/2.0" 200 126162 "-" "Mozilla/5.0 (Macintosh; Intel Mac OS X 10_14_6) AppleWebKit/537.36 (KHTML, like Gecko) Chrome/84.0.4147.89 Safari/537.36"
76.103.168.32 - - [08/Sep/2020:23:13:57 +0000] "GET /favicon.ico HTTP/2.0" 200 1131 "https://ericwryan.com/cv/" "Mozilla/5.0 (Macintosh; Intel Mac OS X 10_14_6) AppleWebKit/537.36 (KHTML, like Gecko) Chrome/84.0.4147.89 Safari/537.36"
